// Jest Snapshot v1, https://goo.gl/fbAQLP

exports[`interpreter/functions#metric logs correct datatable to inspector 1`] = `
Object {
  "columns": Array [
    Object {
      "id": "col-0-1",
      "meta": Object {
        "dimensionName": undefined,
      },
      "name": "Count",
    },
  ],
  "rows": Array [
    Object {
      "col-0-1": 0,
    },
  ],
  "type": "datatable",
}
`;

exports[`interpreter/functions#metric returns an object with the correct structure 1`] = `
Object {
  "as": "metricVis",
  "type": "render",
  "value": Object {
    "visConfig": Object {
      "dimensions": Object {
        "metrics": undefined,
      },
      "metric": Object {
        "labels": Object {
          "show": true,
        },
        "metricColorMode": "\\"None\\"",
        "palette": Object {
          "colors": Array [
            "rgb(0, 0, 0, 0)",
            "rgb(112, 38, 231)",
          ],
          "gradient": false,
          "range": "number",
          "rangeMax": 150,
          "rangeMin": 0,
          "stops": Array [
            0,
            10000,
          ],
        },
        "percentageMode": false,
        "style": Object {
          "bgColor": false,
          "bgFill": "",
          "fontSize": 60,
          "labelColor": false,
          "subText": "",
        },
      },
    },
    "visData": Object {
      "columns": Array [
        Object {
          "id": "col-0-1",
          "name": "Count",
        },
      ],
      "rows": Array [
        Object {
          "col-0-1": 0,
        },
      ],
      "type": "datatable",
    },
    "visType": "metric",
  },
}
`;
