// Jest Snapshot v1, https://goo.gl/fbAQLP

exports[`interpreter/functions#waffleVis logs correct datatable to inspector 1`] = `
Object {
  "columns": Array [
    Object {
      "id": "col-0-1",
      "meta": Object {
        "dimensionName": "Slice size",
        "type": "number",
      },
      "name": "Count",
    },
  ],
  "rows": Array [
    Object {
      "col-0-1": 0,
    },
  ],
  "type": "datatable",
}
`;

exports[`interpreter/functions#waffleVis returns an object with the correct structure 1`] = `
Object {
  "as": "partitionVis",
  "type": "render",
  "value": Object {
    "params": Object {
      "listenOnChange": true,
    },
    "syncColors": false,
    "visConfig": Object {
      "addTooltip": true,
      "bucket": undefined,
      "dimensions": Object {
        "buckets": Array [],
        "metric": Object {
          "accessor": 0,
          "format": Object {
            "id": "number",
            "params": Object {},
          },
          "type": "vis_dimension",
        },
        "splitColumn": undefined,
        "splitRow": undefined,
      },
      "labels": Object {
        "lastLevel": false,
        "percentDecimals": 2,
        "position": "default",
        "show": false,
        "truncate": 100,
        "type": "partitionLabelsValue",
        "values": true,
        "valuesFormat": "percent",
      },
      "legendDisplay": "show",
      "legendPosition": "right",
      "maxLegendLines": 2,
      "metric": Object {
        "accessor": 0,
        "format": Object {
          "id": "number",
          "params": Object {},
        },
        "type": "vis_dimension",
      },
      "palette": Object {
        "name": "kibana_palette",
        "type": "system_palette",
      },
      "showValuesInLegend": true,
      "splitColumn": undefined,
      "splitRow": undefined,
      "truncateLegend": true,
    },
    "visData": Object {
      "columns": Array [
        Object {
          "id": "col-0-1",
          "meta": Object {
            "type": "number",
          },
          "name": "Count",
        },
      ],
      "rows": Array [
        Object {
          "col-0-1": 0,
        },
      ],
      "type": "datatable",
    },
    "visType": "waffle",
  },
}
`;
