// Jest Snapshot v1, https://goo.gl/fbAQLP

exports[`xyVis it should throw error if markSizeRatio is lower then 1 or greater then 100 1`] = `"Mark size ratio must be greater or equal to 1 and less or equal to 100"`;

exports[`xyVis it should throw error if markSizeRatio is lower then 1 or greater then 100 2`] = `"Mark size ratio must be greater or equal to 1 and less or equal to 100"`;
